Copyright 1986-2022 Xilinx, Inc. All Rights Reserved.
------------------------------------------------------------------------------------
| Tool Version : Vivado v.2022.2 (win64) Build 3671981 Fri Oct 14 05:00:03 MDT 2022
| Date         : Sun Jun 11 17:36:49 2023
| Host         : DESKTOP-MATTHIJS running 64-bit major release  (build 9200)
| Command      : report_control_sets -verbose -file display_control_sets_placed.rpt
| Design       : display
| Device       : xc7a100t
------------------------------------------------------------------------------------

Control Set Information

Table of Contents
-----------------
1. Summary
2. Histogram
3. Flip-Flop Distribution
4. Detailed Control Set Information

1. Summary
----------

+----------------------------------------------------------+-------+
|                          Status                          | Count |
+----------------------------------------------------------+-------+
| Total control sets                                       |     6 |
|    Minimum number of control sets                        |     6 |
|    Addition due to synthesis replication                 |     0 |
|    Addition due to physical synthesis replication        |     0 |
| Unused register locations in slices containing registers |    11 |
+----------------------------------------------------------+-------+
* Control sets can be merged at opt_design using control_set_merge or merge_equivalent_drivers
** Run report_qor_suggestions for automated merging and remapping suggestions


2. Histogram
------------

+--------------------+-------+
|       Fanout       | Count |
+--------------------+-------+
| Total control sets |     6 |
| >= 0 to < 4        |     0 |
| >= 4 to < 6        |     1 |
| >= 6 to < 8        |     1 |
| >= 8 to < 10       |     1 |
| >= 10 to < 12      |     0 |
| >= 12 to < 14      |     0 |
| >= 14 to < 16      |     0 |
| >= 16              |     3 |
+--------------------+-------+
* Control sets can be remapped at either synth_design or opt_design


3. Flip-Flop Distribution
-------------------------

+--------------+-----------------------+------------------------+-----------------+--------------+
| Clock Enable | Synchronous Set/Reset | Asynchronous Set/Reset | Total Registers | Total Slices |
+--------------+-----------------------+------------------------+-----------------+--------------+
| No           | No                    | No                     |              25 |           12 |
| No           | No                    | Yes                    |               0 |            0 |
| No           | Yes                   | No                     |               0 |            0 |
| Yes          | No                    | No                     |              79 |           21 |
| Yes          | No                    | Yes                    |               0 |            0 |
| Yes          | Yes                   | No                     |               5 |            2 |
+--------------+-----------------------+------------------------+-----------------+--------------+


4. Detailed Control Set Information
-----------------------------------

+---------------------------+------------------------------+----------------------+------------------+----------------+--------------+
|        Clock Signal       |         Enable Signal        |   Set/Reset Signal   | Slice Load Count | Bel Load Count | Bels / Slice |
+---------------------------+------------------------------+----------------------+------------------+----------------+--------------+
|  CLOCK_50HZ/inst/clk_out1 | r_DATA_WR                    | r_DATA_WR[7]_i_1_n_0 |                2 |              5 |         2.50 |
|  CLOCK_50HZ/inst/clk_out1 | I2C_CONTROLLER/busy1         |                      |                2 |              7 |         3.50 |
|  CLOCK_50HZ/inst/clk_out1 | I2C_CONTROLLER/addr_rw0      |                      |                3 |              8 |         2.67 |
|  CLOCK_50HZ/inst/clk_out1 |                              |                      |               12 |             25 |         2.08 |
|  CLOCK_50HZ/inst/clk_out1 | I2C_CONTROLLER/r_COM_COUNTER |                      |                8 |             32 |         4.00 |
|  CLOCK_50HZ/inst/clk_out1 | v_COUNTER                    |                      |                8 |             32 |         4.00 |
+---------------------------+------------------------------+----------------------+------------------+----------------+--------------+


