Copyright 1986-2022 Xilinx, Inc. All Rights Reserved.
-----------------------------------------------------------------------------------------------------------------------------------------------------------
| Tool Version : Vivado v.2022.2 (win64) Build 3671981 Fri Oct 14 05:00:03 MDT 2022
| Date         : Mon Jun 12 14:40:43 2023
| Host         : LAPTOP-IT23Q15D running 64-bit major release  (build 9200)
| Command      : report_methodology -file display_methodology_drc_routed.rpt -pb display_methodology_drc_routed.pb -rpx display_methodology_drc_routed.rpx
| Design       : display
| Device       : xc7a100tcsg324-1
| Speed File   : -1
| Design State : Fully Routed
-----------------------------------------------------------------------------------------------------------------------------------------------------------

Report Methodology

Table of Contents
-----------------
1. REPORT SUMMARY
2. REPORT DETAILS

1. REPORT SUMMARY
-----------------
            Netlist: netlist
          Floorplan: design_1
      Design limits: <entire design considered>
             Max violations: <unlimited>
             Violations found: 1
+--------+----------+----------------------------------+------------+
| Rule   | Severity | Description                      | Violations |
+--------+----------+----------------------------------+------------+
| HPDR-1 | Warning  | Port pin direction inconsistency | 1          |
+--------+----------+----------------------------------+------------+

2. REPORT DETAILS
-----------------
HPDR-1#1 Warning
Port pin direction inconsistency  
Hierarchical port(pin) o_oled_sda direction INOUT is not consistent with the directions of the cell pins/ports found at that level of the netlist hierarchy. Please review the design and consider changing the port(pin) direction. Both drivers and loads were expected for the net (o_oled_sda) connected to this Port, but both were not found.
Related violations: <none>


